// Jest Snapshot v1, https://goo.gl/fbAQLP

exports[`App Result has a valid snapshot 1`] = `
<div
  className="row"
>
  <div
    className="row-item"
  >
    1
  </div>
  <div
    className="row-item"
  >
    2
  </div>
</div>
`;

exports[`App Search has a valid snapshot 1`] = `
<div>
  <form
    onSubmit={undefined}
  >
    <input
      onChange={undefined}
      type="text"
      value={undefined}
    />
    <button
      type="submit"
    >
      Search
    </button>
  </form>
</div>
`;
